Archive member included because of file (symbol)

/Users/ansonl/pebble-dev/PebbleSDK-2.9/Pebble/lib/libpebble.a(tmpycZPtxpebble.o)
                              src/main.c.9.o (app_event_loop)

Allocating common symbols
Common symbol       size              file

food_item_text_layer
                    0x4               src/main.c.9.o
menuSize            0x4               src/main.c.9.o
menu_layer          0x4               src/main.c.9.o
selectedFoodIndex   0x4               src/main.c.9.o
food_item_array     0x4               src/main.c.9.o
lastUpdated         0x4               src/main.c.9.o
mealTitle           0x4               src/main.c.9.o
food_item_scroll_layer
                    0x4               src/main.c.9.o
window              0x4               src/main.c.9.o

Discarded input sections

 .text          0x0000000000000000        0x0 /Users/ansonl/pebble-dev/PebbleSDK-2.9/arm-cs-tools/bin/../lib/gcc/arm-none-eabi/4.7.2/thumb2/crti.o
 .bss           0x0000000000000000        0x0 /Users/ansonl/pebble-dev/PebbleSDK-2.9/arm-cs-tools/bin/../lib/gcc/arm-none-eabi/4.7.2/thumb2/crti.o
 .init          0x0000000000000000        0x4 /Users/ansonl/pebble-dev/PebbleSDK-2.9/arm-cs-tools/bin/../lib/gcc/arm-none-eabi/4.7.2/thumb2/crti.o
 .fini          0x0000000000000000        0x4 /Users/ansonl/pebble-dev/PebbleSDK-2.9/arm-cs-tools/bin/../lib/gcc/arm-none-eabi/4.7.2/thumb2/crti.o
 .text          0x0000000000000000       0xc8 /Users/ansonl/pebble-dev/PebbleSDK-2.9/arm-cs-tools/bin/../lib/gcc/arm-none-eabi/4.7.2/thumb2/crtbegin.o
 .bss           0x0000000000000000       0x1c /Users/ansonl/pebble-dev/PebbleSDK-2.9/arm-cs-tools/bin/../lib/gcc/arm-none-eabi/4.7.2/thumb2/crtbegin.o
 .init_array    0x0000000000000000        0x4 /Users/ansonl/pebble-dev/PebbleSDK-2.9/arm-cs-tools/bin/../lib/gcc/arm-none-eabi/4.7.2/thumb2/crtbegin.o
 .fini_array    0x0000000000000000        0x4 /Users/ansonl/pebble-dev/PebbleSDK-2.9/arm-cs-tools/bin/../lib/gcc/arm-none-eabi/4.7.2/thumb2/crtbegin.o
 .eh_frame      0x0000000000000000        0x0 /Users/ansonl/pebble-dev/PebbleSDK-2.9/arm-cs-tools/bin/../lib/gcc/arm-none-eabi/4.7.2/thumb2/crtbegin.o
 .jcr           0x0000000000000000        0x0 /Users/ansonl/pebble-dev/PebbleSDK-2.9/arm-cs-tools/bin/../lib/gcc/arm-none-eabi/4.7.2/thumb2/crtbegin.o
 .tm_clone_table
                0x0000000000000000        0x0 /Users/ansonl/pebble-dev/PebbleSDK-2.9/arm-cs-tools/bin/../lib/gcc/arm-none-eabi/4.7.2/thumb2/crtbegin.o
 .text          0x0000000000000000        0x0 src/main.c.9.o
 .bss           0x0000000000000000        0x0 src/main.c.9.o
 .text          0x0000000000000000        0x0 appinfo.auto.c.9.o
 .bss           0x0000000000000000        0x0 appinfo.auto.c.9.o
 .bss           0x0000000000000000        0x0 /Users/ansonl/pebble-dev/PebbleSDK-2.9/Pebble/lib/libpebble.a(tmpycZPtxpebble.o)
 .text.accel_data_service_subscribe__deprecated
                0x0000000000000000        0xc /Users/ansonl/pebble-dev/PebbleSDK-2.9/Pebble/lib/libpebble.a(tmpycZPtxpebble.o)
 .text.accel_data_service_unsubscribe
                0x0000000000000000        0xc /Users/ansonl/pebble-dev/PebbleSDK-2.9/Pebble/lib/libpebble.a(tmpycZPtxpebble.o)
 .text.accel_service_peek
                0x0000000000000000        0xc /Users/ansonl/pebble-dev/PebbleSDK-2.9/Pebble/lib/libpebble.a(tmpycZPtxpebble.o)
 .text.accel_service_set_samples_per_update
                0x0000000000000000        0xc /Users/ansonl/pebble-dev/PebbleSDK-2.9/Pebble/lib/libpebble.a(tmpycZPtxpebble.o)
 .text.accel_service_set_sampling_rate
                0x0000000000000000        0xc /Users/ansonl/pebble-dev/PebbleSDK-2.9/Pebble/lib/libpebble.a(tmpycZPtxpebble.o)
 .text.accel_tap_service_subscribe
                0x0000000000000000        0xc /Users/ansonl/pebble-dev/PebbleSDK-2.9/Pebble/lib/libpebble.a(tmpycZPtxpebble.o)
 .text.accel_tap_service_unsubscribe
                0x0000000000000000        0xc /Users/ansonl/pebble-dev/PebbleSDK-2.9/Pebble/lib/libpebble.a(tmpycZPtxpebble.o)
 .text.action_bar_layer_add_to_window
                0x0000000000000000        0xc /Users/ansonl/pebble-dev/PebbleSDK-2.9/Pebble/lib/libpebble.a(tmpycZPtxpebble.o)
 .text.action_bar_layer_clear_icon
                0x0000000000000000        0xc /Users/ansonl/pebble-dev/PebbleSDK-2.9/Pebble/lib/libpebble.a(tmpycZPtxpebble.o)
 .text.action_bar_layer_create
                0x0000000000000000        0xc /Users/ansonl/pebble-dev/PebbleSDK-2.9/Pebble/lib/libpebble.a(tmpycZPtxpebble.o)
 .text.action_bar_layer_destroy
                0x0000000000000000        0xc /Users/ansonl/pebble-dev/PebbleSDK-2.9/Pebble/lib/libpebble.a(tmpycZPtxpebble.o)
 .text.action_bar_layer_get_layer
                0x0000000000000000        0xc /Users/ansonl/pebble-dev/PebbleSDK-2.9/Pebble/lib/libpebble.a(tmpycZPtxpebble.o)
 .text.action_bar_layer_remove_from_window
                0x0000000000000000        0xc /Users/ansonl/pebble-dev/PebbleSDK-2.9/Pebble/lib/libpebble.a(tmpycZPtxpebble.o)
 .text.action_bar_layer_set_background_color
                0x0000000000000000        0xc /Users/ansonl/pebble-dev/PebbleSDK-2.9/Pebble/lib/libpebble.a(tmpycZPtxpebble.o)
 .text.action_bar_layer_set_click_config_provider
                0x0000000000000000        0xc /Users/ansonl/pebble-dev/PebbleSDK-2.9/Pebble/lib/libpebble.a(tmpycZPtxpebble.o)
 .text.action_bar_layer_set_context
                0x0000000000000000        0xc /Users/ansonl/pebble-dev/PebbleSDK-2.9/Pebble/lib/libpebble.a(tmpycZPtxpebble.o)
 .text.action_bar_layer_set_icon
                0x0000000000000000        0xc /Users/ansonl/pebble-dev/PebbleSDK-2.9/Pebble/lib/libpebble.a(tmpycZPtxpebble.o)
 .text.animation_create
                0x0000000000000000        0xc /Users/ansonl/pebble-dev/PebbleSDK-2.9/Pebble/lib/libpebble.a(tmpycZPtxpebble.o)
 .text.animation_destroy
                0x0000000000000000        0xc /Users/ansonl/pebble-dev/PebbleSDK-2.9/Pebble/lib/libpebble.a(tmpycZPtxpebble.o)
 .text.animation_get_context
                0x0000000000000000        0xc /Users/ansonl/pebble-dev/PebbleSDK-2.9/Pebble/lib/libpebble.a(tmpycZPtxpebble.o)
 .text.animation_is_scheduled
                0x0000000000000000        0xc /Users/ansonl/pebble-dev/PebbleSDK-2.9/Pebble/lib/libpebble.a(tmpycZPtxpebble.o)
 .text.animation_schedule
                0x0000000000000000        0xc /Users/ansonl/pebble-dev/PebbleSDK-2.9/Pebble/lib/libpebble.a(tmpycZPtxpebble.o)
 .text.animation_set_curve
                0x0000000000000000        0xc /Users/ansonl/pebble-dev/PebbleSDK-2.9/Pebble/lib/libpebble.a(tmpycZPtxpebble.o)
 .text.animation_set_delay
                0x0000000000000000        0xc /Users/ansonl/pebble-dev/PebbleSDK-2.9/Pebble/lib/libpebble.a(tmpycZPtxpebble.o)
 .text.animation_set_duration
                0x0000000000000000        0xc /Users/ansonl/pebble-dev/PebbleSDK-2.9/Pebble/lib/libpebble.a(tmpycZPtxpebble.o)
 .text.animation_set_handlers
                0x0000000000000000        0xc /Users/ansonl/pebble-dev/PebbleSDK-2.9/Pebble/lib/libpebble.a(tmpycZPtxpebble.o)
 .text.animation_set_implementation
                0x0000000000000000        0xc /Users/ansonl/pebble-dev/PebbleSDK-2.9/Pebble/lib/libpebble.a(tmpycZPtxpebble.o)
 .text.animation_unschedule
                0x0000000000000000        0xc /Users/ansonl/pebble-dev/PebbleSDK-2.9/Pebble/lib/libpebble.a(tmpycZPtxpebble.o)
 .text.animation_unschedule_all
                0x0000000000000000        0xc /Users/ansonl/pebble-dev/PebbleSDK-2.9/Pebble/lib/libpebble.a(tmpycZPtxpebble.o)
 .text.app_comm_get_sniff_interval
                0x0000000000000000        0xc /Users/ansonl/pebble-dev/PebbleSDK-2.9/Pebble/lib/libpebble.a(tmpycZPtxpebble.o)
 .text.app_comm_set_sniff_interval
                0x0000000000000000        0xc /Users/ansonl/pebble-dev/PebbleSDK-2.9/Pebble/lib/libpebble.a(tmpycZPtxpebble.o)
 .text.app_sync_deinit
                0x0000000000000000        0xc /Users/ansonl/pebble-dev/PebbleSDK-2.9/Pebble/lib/libpebble.a(tmpycZPtxpebble.o)
 .text.app_sync_get
                0x0000000000000000        0xc /Users/ansonl/pebble-dev/PebbleSDK-2.9/Pebble/lib/libpebble.a(tmpycZPtxpebble.o)
 .text.app_sync_init
                0x0000000000000000        0xc /Users/ansonl/pebble-dev/PebbleSDK-2.9/Pebble/lib/libpebble.a(tmpycZPtxpebble.o)
 .text.app_sync_set
                0x0000000000000000        0xc /Users/ansonl/pebble-dev/PebbleSDK-2.9/Pebble/lib/libpebble.a(tmpycZPtxpebble.o)
 .text.app_timer_cancel
                0x0000000000000000        0xc /Users/ansonl/pebble-dev/PebbleSDK-2.9/Pebble/lib/libpebble.a(tmpycZPtxpebble.o)
 .text.app_timer_register
                0x0000000000000000        0xc /Users/ansonl/pebble-dev/PebbleSDK-2.9/Pebble/lib/libpebble.a(tmpycZPtxpebble.o)
 .text.app_timer_reschedule
                0x0000000000000000        0xc /Users/ansonl/pebble-dev/PebbleSDK-2.9/Pebble/lib/libpebble.a(tmpycZPtxpebble.o)
 .text.atan2_lookup
                0x0000000000000000        0xc /Users/ansonl/pebble-dev/PebbleSDK-2.9/Pebble/lib/libpebble.a(tmpycZPtxpebble.o)
 .text.atoi     0x0000000000000000        0xc /Users/ansonl/pebble-dev/PebbleSDK-2.9/Pebble/lib/libpebble.a(tmpycZPtxpebble.o)
 .text.atol     0x0000000000000000        0xc /Users/ansonl/pebble-dev/PebbleSDK-2.9/Pebble/lib/libpebble.a(tmpycZPtxpebble.o)
 .text.battery_state_service_peek
                0x0000000000000000        0xc /Users/ansonl/pebble-dev/PebbleSDK-2.9/Pebble/lib/libpebble.a(tmpycZPtxpebble.o)
 .text.battery_state_service_subscribe
                0x0000000000000000        0xc /Users/ansonl/pebble-dev/PebbleSDK-2.9/Pebble/lib/libpebble.a(tmpycZPtxpebble.o)
 .text.battery_state_service_unsubscribe
                0x0000000000000000        0xc /Users/ansonl/pebble-dev/PebbleSDK-2.9/Pebble/lib/libpebble.a(tmpycZPtxpebble.o)
 .text.bitmap_layer_create
                0x0000000000000000        0xc /Users/ansonl/pebble-dev/PebbleSDK-2.9/Pebble/lib/libpebble.a(tmpycZPtxpebble.o)
 .text.bitmap_layer_destroy
                0x0000000000000000        0xc /Users/ansonl/pebble-dev/PebbleSDK-2.9/Pebble/lib/libpebble.a(tmpycZPtxpebble.o)
 .text.bitmap_layer_get_layer
                0x0000000000000000        0xc /Users/ansonl/pebble-dev/PebbleSDK-2.9/Pebble/lib/libpebble.a(tmpycZPtxpebble.o)
 .text.bitmap_layer_set_alignment
                0x0000000000000000        0xc /Users/ansonl/pebble-dev/PebbleSDK-2.9/Pebble/lib/libpebble.a(tmpycZPtxpebble.o)
 .text.bitmap_layer_set_background_color
                0x0000000000000000        0xc /Users/ansonl/pebble-dev/PebbleSDK-2.9/Pebble/lib/libpebble.a(tmpycZPtxpebble.o)
 .text.bitmap_layer_set_bitmap
                0x0000000000000000        0xc /Users/ansonl/pebble-dev/PebbleSDK-2.9/Pebble/lib/libpebble.a(tmpycZPtxpebble.o)
 .text.bitmap_layer_set_compositing_mode
                0x0000000000000000        0xc /Users/ansonl/pebble-dev/PebbleSDK-2.9/Pebble/lib/libpebble.a(tmpycZPtxpebble.o)
 .text.click_number_of_clicks_counted
                0x0000000000000000        0xc /Users/ansonl/pebble-dev/PebbleSDK-2.9/Pebble/lib/libpebble.a(tmpycZPtxpebble.o)
 .text.click_recognizer_get_button_id
                0x0000000000000000        0xc /Users/ansonl/pebble-dev/PebbleSDK-2.9/Pebble/lib/libpebble.a(tmpycZPtxpebble.o)
 .text.clock_copy_time_string
                0x0000000000000000        0xc /Users/ansonl/pebble-dev/PebbleSDK-2.9/Pebble/lib/libpebble.a(tmpycZPtxpebble.o)
 .text.clock_is_24h_style
                0x0000000000000000        0xc /Users/ansonl/pebble-dev/PebbleSDK-2.9/Pebble/lib/libpebble.a(tmpycZPtxpebble.o)
 .text.cos_lookup
                0x0000000000000000        0xc /Users/ansonl/pebble-dev/PebbleSDK-2.9/Pebble/lib/libpebble.a(tmpycZPtxpebble.o)
 .text.data_logging_create
                0x0000000000000000        0xc /Users/ansonl/pebble-dev/PebbleSDK-2.9/Pebble/lib/libpebble.a(tmpycZPtxpebble.o)
 .text.data_logging_finish
                0x0000000000000000        0xc /Users/ansonl/pebble-dev/PebbleSDK-2.9/Pebble/lib/libpebble.a(tmpycZPtxpebble.o)
 .text.data_logging_log
                0x0000000000000000        0xc /Users/ansonl/pebble-dev/PebbleSDK-2.9/Pebble/lib/libpebble.a(tmpycZPtxpebble.o)
 .text.dict_calc_buffer_size
                0x0000000000000000        0xc /Users/ansonl/pebble-dev/PebbleSDK-2.9/Pebble/lib/libpebble.a(tmpycZPtxpebble.o)
 .text.dict_calc_buffer_size_from_tuplets
                0x0000000000000000        0xc /Users/ansonl/pebble-dev/PebbleSDK-2.9/Pebble/lib/libpebble.a(tmpycZPtxpebble.o)
 .text.dict_merge
                0x0000000000000000        0xc /Users/ansonl/pebble-dev/PebbleSDK-2.9/Pebble/lib/libpebble.a(tmpycZPtxpebble.o)
 .text.dict_read_begin_from_buffer
                0x0000000000000000        0xc /Users/ansonl/pebble-dev/PebbleSDK-2.9/Pebble/lib/libpebble.a(tmpycZPtxpebble.o)
 .text.dict_read_first
                0x0000000000000000        0xc /Users/ansonl/pebble-dev/PebbleSDK-2.9/Pebble/lib/libpebble.a(tmpycZPtxpebble.o)
 .text.dict_read_next
                0x0000000000000000        0xc /Users/ansonl/pebble-dev/PebbleSDK-2.9/Pebble/lib/libpebble.a(tmpycZPtxpebble.o)
 .text.dict_serialize_tuplets
                0x0000000000000000        0xc /Users/ansonl/pebble-dev/PebbleSDK-2.9/Pebble/lib/libpebble.a(tmpycZPtxpebble.o)
 .text.dict_serialize_tuplets_to_buffer__deprecated
                0x0000000000000000        0xc /Users/ansonl/pebble-dev/PebbleSDK-2.9/Pebble/lib/libpebble.a(tmpycZPtxpebble.o)
 .text.dict_serialize_tuplets_to_buffer_with_iter
                0x0000000000000000        0xc /Users/ansonl/pebble-dev/PebbleSDK-2.9/Pebble/lib/libpebble.a(tmpycZPtxpebble.o)
 .text.dict_write_begin
                0x0000000000000000        0xc /Users/ansonl/pebble-dev/PebbleSDK-2.9/Pebble/lib/libpebble.a(tmpycZPtxpebble.o)
 .text.dict_write_cstring
                0x0000000000000000        0xc /Users/ansonl/pebble-dev/PebbleSDK-2.9/Pebble/lib/libpebble.a(tmpycZPtxpebble.o)
 .text.dict_write_data
                0x0000000000000000        0xc /Users/ansonl/pebble-dev/PebbleSDK-2.9/Pebble/lib/libpebble.a(tmpycZPtxpebble.o)
 .text.dict_write_end
                0x0000000000000000        0xc /Users/ansonl/pebble-dev/PebbleSDK-2.9/Pebble/lib/libpebble.a(tmpycZPtxpebble.o)
 .text.dict_write_int
                0x0000000000000000        0xc /Users/ansonl/pebble-dev/PebbleSDK-2.9/Pebble/lib/libpebble.a(tmpycZPtxpebble.o)
 .text.dict_write_int16
                0x0000000000000000        0xc /Users/ansonl/pebble-dev/PebbleSDK-2.9/Pebble/lib/libpebble.a(tmpycZPtxpebble.o)
 .text.dict_write_int32
                0x0000000000000000        0xc /Users/ansonl/pebble-dev/PebbleSDK-2.9/Pebble/lib/libpebble.a(tmpycZPtxpebble.o)
 .text.dict_write_int8
                0x0000000000000000        0xc /Users/ansonl/pebble-dev/PebbleSDK-2.9/Pebble/lib/libpebble.a(tmpycZPtxpebble.o)
 .text.dict_write_tuplet
                0x0000000000000000        0xc /Users/ansonl/pebble-dev/PebbleSDK-2.9/Pebble/lib/libpebble.a(tmpycZPtxpebble.o)
 .text.dict_write_uint16
                0x0000000000000000        0xc /Users/ansonl/pebble-dev/PebbleSDK-2.9/Pebble/lib/libpebble.a(tmpycZPtxpebble.o)
 .text.dict_write_uint32
                0x0000000000000000        0xc /Users/ansonl/pebble-dev/PebbleSDK-2.9/Pebble/lib/libpebble.a(tmpycZPtxpebble.o)
 .text.dict_write_uint8
                0x0000000000000000        0xc /Users/ansonl/pebble-dev/PebbleSDK-2.9/Pebble/lib/libpebble.a(tmpycZPtxpebble.o)
 .text.fonts_load_custom_font
                0x0000000000000000        0xc /Users/ansonl/pebble-dev/PebbleSDK-2.9/Pebble/lib/libpebble.a(tmpycZPtxpebble.o)
 .text.fonts_unload_custom_font
                0x0000000000000000        0xc /Users/ansonl/pebble-dev/PebbleSDK-2.9/Pebble/lib/libpebble.a(tmpycZPtxpebble.o)
 .text.gbitmap_create_as_sub_bitmap
                0x0000000000000000        0xc /Users/ansonl/pebble-dev/PebbleSDK-2.9/Pebble/lib/libpebble.a(tmpycZPtxpebble.o)
 .text.gbitmap_create_with_data
                0x0000000000000000        0xc /Users/ansonl/pebble-dev/PebbleSDK-2.9/Pebble/lib/libpebble.a(tmpycZPtxpebble.o)
 .text.gbitmap_destroy
                0x0000000000000000        0xc /Users/ansonl/pebble-dev/PebbleSDK-2.9/Pebble/lib/libpebble.a(tmpycZPtxpebble.o)
 .text.gmtime   0x0000000000000000        0xc /Users/ansonl/pebble-dev/PebbleSDK-2.9/Pebble/lib/libpebble.a(tmpycZPtxpebble.o)
 .text.gpath_create
                0x0000000000000000        0xc /Users/ansonl/pebble-dev/PebbleSDK-2.9/Pebble/lib/libpebble.a(tmpycZPtxpebble.o)
 .text.gpath_destroy
                0x0000000000000000        0xc /Users/ansonl/pebble-dev/PebbleSDK-2.9/Pebble/lib/libpebble.a(tmpycZPtxpebble.o)
 .text.gpath_draw_filled_legacy
                0x0000000000000000        0xc /Users/ansonl/pebble-dev/PebbleSDK-2.9/Pebble/lib/libpebble.a(tmpycZPtxpebble.o)
 .text.gpath_draw_outline
                0x0000000000000000        0xc /Users/ansonl/pebble-dev/PebbleSDK-2.9/Pebble/lib/libpebble.a(tmpycZPtxpebble.o)
 .text.gpath_move_to
                0x0000000000000000        0xc /Users/ansonl/pebble-dev/PebbleSDK-2.9/Pebble/lib/libpebble.a(tmpycZPtxpebble.o)
 .text.gpath_rotate_to
                0x0000000000000000        0xc /Users/ansonl/pebble-dev/PebbleSDK-2.9/Pebble/lib/libpebble.a(tmpycZPtxpebble.o)
 .text.gpoint_equal
                0x0000000000000000        0xc /Users/ansonl/pebble-dev/PebbleSDK-2.9/Pebble/lib/libpebble.a(tmpycZPtxpebble.o)
 .text.graphics_context_set_compositing_mode
                0x0000000000000000        0xc /Users/ansonl/pebble-dev/PebbleSDK-2.9/Pebble/lib/libpebble.a(tmpycZPtxpebble.o)
 .text.graphics_context_set_fill_color
                0x0000000000000000        0xc /Users/ansonl/pebble-dev/PebbleSDK-2.9/Pebble/lib/libpebble.a(tmpycZPtxpebble.o)
 .text.graphics_context_set_stroke_color
                0x0000000000000000        0xc /Users/ansonl/pebble-dev/PebbleSDK-2.9/Pebble/lib/libpebble.a(tmpycZPtxpebble.o)
 .text.graphics_draw_bitmap_in_rect
                0x0000000000000000        0xc /Users/ansonl/pebble-dev/PebbleSDK-2.9/Pebble/lib/libpebble.a(tmpycZPtxpebble.o)
 .text.graphics_draw_circle
                0x0000000000000000        0xc /Users/ansonl/pebble-dev/PebbleSDK-2.9/Pebble/lib/libpebble.a(tmpycZPtxpebble.o)
 .text.graphics_draw_line
                0x0000000000000000        0xc /Users/ansonl/pebble-dev/PebbleSDK-2.9/Pebble/lib/libpebble.a(tmpycZPtxpebble.o)
 .text.graphics_draw_pixel
                0x0000000000000000        0xc /Users/ansonl/pebble-dev/PebbleSDK-2.9/Pebble/lib/libpebble.a(tmpycZPtxpebble.o)
 .text.graphics_draw_rect
                0x0000000000000000        0xc /Users/ansonl/pebble-dev/PebbleSDK-2.9/Pebble/lib/libpebble.a(tmpycZPtxpebble.o)
 .text.graphics_draw_round_rect
                0x0000000000000000        0xc /Users/ansonl/pebble-dev/PebbleSDK-2.9/Pebble/lib/libpebble.a(tmpycZPtxpebble.o)
 .text.graphics_fill_circle
                0x0000000000000000        0xc /Users/ansonl/pebble-dev/PebbleSDK-2.9/Pebble/lib/libpebble.a(tmpycZPtxpebble.o)
 .text.graphics_fill_rect
                0x0000000000000000        0xc /Users/ansonl/pebble-dev/PebbleSDK-2.9/Pebble/lib/libpebble.a(tmpycZPtxpebble.o)
 .text.graphics_text_layout_get_max_used_size
                0x0000000000000000        0xc /Users/ansonl/pebble-dev/PebbleSDK-2.9/Pebble/lib/libpebble.a(tmpycZPtxpebble.o)
 .text.grect_align
                0x0000000000000000        0xc /Users/ansonl/pebble-dev/PebbleSDK-2.9/Pebble/lib/libpebble.a(tmpycZPtxpebble.o)
 .text.grect_center_point
                0x0000000000000000        0xc /Users/ansonl/pebble-dev/PebbleSDK-2.9/Pebble/lib/libpebble.a(tmpycZPtxpebble.o)
 .text.grect_clip
                0x0000000000000000        0xc /Users/ansonl/pebble-dev/PebbleSDK-2.9/Pebble/lib/libpebble.a(tmpycZPtxpebble.o)
 .text.grect_contains_point
                0x0000000000000000        0xc /Users/ansonl/pebble-dev/PebbleSDK-2.9/Pebble/lib/libpebble.a(tmpycZPtxpebble.o)
 .text.grect_crop
                0x0000000000000000        0xc /Users/ansonl/pebble-dev/PebbleSDK-2.9/Pebble/lib/libpebble.a(tmpycZPtxpebble.o)
 .text.grect_equal
                0x0000000000000000        0xc /Users/ansonl/pebble-dev/PebbleSDK-2.9/Pebble/lib/libpebble.a(tmpycZPtxpebble.o)
 .text.grect_is_empty
                0x0000000000000000        0xc /Users/ansonl/pebble-dev/PebbleSDK-2.9/Pebble/lib/libpebble.a(tmpycZPtxpebble.o)
 .text.grect_standardize
                0x0000000000000000        0xc /Users/ansonl/pebble-dev/PebbleSDK-2.9/Pebble/lib/libpebble.a(tmpycZPtxpebble.o)
 .text.gsize_equal
                0x0000000000000000        0xc /Users/ansonl/pebble-dev/PebbleSDK-2.9/Pebble/lib/libpebble.a(tmpycZPtxpebble.o)
 .text.inverter_layer_create
                0x0000000000000000        0xc /Users/ansonl/pebble-dev/PebbleSDK-2.9/Pebble/lib/libpebble.a(tmpycZPtxpebble.o)
 .text.inverter_layer_destroy
                0x0000000000000000        0xc /Users/ansonl/pebble-dev/PebbleSDK-2.9/Pebble/lib/libpebble.a(tmpycZPtxpebble.o)
 .text.inverter_layer_get_layer
                0x0000000000000000        0xc /Users/ansonl/pebble-dev/PebbleSDK-2.9/Pebble/lib/libpebble.a(tmpycZPtxpebble.o)
 .text.layer_create
                0x0000000000000000        0xc /Users/ansonl/pebble-dev/PebbleSDK-2.9/Pebble/lib/libpebble.a(tmpycZPtxpebble.o)
 .text.layer_create_with_data
                0x0000000000000000        0xc /Users/ansonl/pebble-dev/PebbleSDK-2.9/Pebble/lib/libpebble.a(tmpycZPtxpebble.o)
 .text.layer_destroy
                0x0000000000000000        0xc /Users/ansonl/pebble-dev/PebbleSDK-2.9/Pebble/lib/libpebble.a(tmpycZPtxpebble.o)
 .text.layer_get_clips
                0x0000000000000000        0xc /Users/ansonl/pebble-dev/PebbleSDK-2.9/Pebble/lib/libpebble.a(tmpycZPtxpebble.o)
 .text.layer_get_data
                0x0000000000000000        0xc /Users/ansonl/pebble-dev/PebbleSDK-2.9/Pebble/lib/libpebble.a(tmpycZPtxpebble.o)
 .text.layer_get_frame
                0x0000000000000000        0xc /Users/ansonl/pebble-dev/PebbleSDK-2.9/Pebble/lib/libpebble.a(tmpycZPtxpebble.o)
 .text.layer_get_hidden
                0x0000000000000000        0xc /Users/ansonl/pebble-dev/PebbleSDK-2.9/Pebble/lib/libpebble.a(tmpycZPtxpebble.o)
 .text.layer_get_window
                0x0000000000000000        0xc /Users/ansonl/pebble-dev/PebbleSDK-2.9/Pebble/lib/libpebble.a(tmpycZPtxpebble.o)
 .text.layer_insert_above_sibling
                0x0000000000000000        0xc /Users/ansonl/pebble-dev/PebbleSDK-2.9/Pebble/lib/libpebble.a(tmpycZPtxpebble.o)
 .text.layer_insert_below_sibling
                0x0000000000000000        0xc /Users/ansonl/pebble-dev/PebbleSDK-2.9/Pebble/lib/libpebble.a(tmpycZPtxpebble.o)
 .text.layer_mark_dirty
                0x0000000000000000        0xc /Users/ansonl/pebble-dev/PebbleSDK-2.9/Pebble/lib/libpebble.a(tmpycZPtxpebble.o)
 .text.layer_remove_child_layers
                0x0000000000000000        0xc /Users/ansonl/pebble-dev/PebbleSDK-2.9/Pebble/lib/libpebble.a(tmpycZPtxpebble.o)
 .text.layer_remove_from_parent
                0x0000000000000000        0xc /Users/ansonl/pebble-dev/PebbleSDK-2.9/Pebble/lib/libpebble.a(tmpycZPtxpebble.o)
 .text.layer_set_bounds
                0x0000000000000000        0xc /Users/ansonl/pebble-dev/PebbleSDK-2.9/Pebble/lib/libpebble.a(tmpycZPtxpebble.o)
 .text.layer_set_clips
                0x0000000000000000        0xc /Users/ansonl/pebble-dev/PebbleSDK-2.9/Pebble/lib/libpebble.a(tmpycZPtxpebble.o)
 .text.layer_set_frame
                0x0000000000000000        0xc /Users/ansonl/pebble-dev/PebbleSDK-2.9/Pebble/lib/libpebble.a(tmpycZPtxpebble.o)
 .text.layer_set_hidden
                0x0000000000000000        0xc /Users/ansonl/pebble-dev/PebbleSDK-2.9/Pebble/lib/libpebble.a(tmpycZPtxpebble.o)
 .text.layer_set_update_proc
                0x0000000000000000        0xc /Users/ansonl/pebble-dev/PebbleSDK-2.9/Pebble/lib/libpebble.a(tmpycZPtxpebble.o)
 .text.light_enable
                0x0000000000000000        0xc /Users/ansonl/pebble-dev/PebbleSDK-2.9/Pebble/lib/libpebble.a(tmpycZPtxpebble.o)
 .text.malloc   0x0000000000000000        0xc /Users/ansonl/pebble-dev/PebbleSDK-2.9/Pebble/lib/libpebble.a(tmpycZPtxpebble.o)
 .text.memcpy   0x0000000000000000        0xc /Users/ansonl/pebble-dev/PebbleSDK-2.9/Pebble/lib/libpebble.a(tmpycZPtxpebble.o)
 .text.memmove  0x0000000000000000        0xc /Users/ansonl/pebble-dev/PebbleSDK-2.9/Pebble/lib/libpebble.a(tmpycZPtxpebble.o)
 .text.menu_cell_title_draw
                0x0000000000000000        0xc /Users/ansonl/pebble-dev/PebbleSDK-2.9/Pebble/lib/libpebble.a(tmpycZPtxpebble.o)
 .text.menu_index_compare
                0x0000000000000000        0xc /Users/ansonl/pebble-dev/PebbleSDK-2.9/Pebble/lib/libpebble.a(tmpycZPtxpebble.o)
 .text.menu_layer_get_scroll_layer
                0x0000000000000000        0xc /Users/ansonl/pebble-dev/PebbleSDK-2.9/Pebble/lib/libpebble.a(tmpycZPtxpebble.o)
 .text.menu_layer_get_selected_index
                0x0000000000000000        0xc /Users/ansonl/pebble-dev/PebbleSDK-2.9/Pebble/lib/libpebble.a(tmpycZPtxpebble.o)
 .text.menu_layer_set_callbacks__deprecated
                0x0000000000000000        0xc /Users/ansonl/pebble-dev/PebbleSDK-2.9/Pebble/lib/libpebble.a(tmpycZPtxpebble.o)
 .text.menu_layer_set_selected_index
                0x0000000000000000        0xc /Users/ansonl/pebble-dev/PebbleSDK-2.9/Pebble/lib/libpebble.a(tmpycZPtxpebble.o)
 .text.menu_layer_set_selected_next
                0x0000000000000000        0xc /Users/ansonl/pebble-dev/PebbleSDK-2.9/Pebble/lib/libpebble.a(tmpycZPtxpebble.o)
 .text.number_window_create
                0x0000000000000000        0xc /Users/ansonl/pebble-dev/PebbleSDK-2.9/Pebble/lib/libpebble.a(tmpycZPtxpebble.o)
 .text.number_window_destroy
                0x0000000000000000        0xc /Users/ansonl/pebble-dev/PebbleSDK-2.9/Pebble/lib/libpebble.a(tmpycZPtxpebble.o)
 .text.number_window_get_value
                0x0000000000000000        0xc /Users/ansonl/pebble-dev/PebbleSDK-2.9/Pebble/lib/libpebble.a(tmpycZPtxpebble.o)
 .text.number_window_set_label
                0x0000000000000000        0xc /Users/ansonl/pebble-dev/PebbleSDK-2.9/Pebble/lib/libpebble.a(tmpycZPtxpebble.o)
 .text.number_window_set_max
                0x0000000000000000        0xc /Users/ansonl/pebble-dev/PebbleSDK-2.9/Pebble/lib/libpebble.a(tmpycZPtxpebble.o)
 .text.number_window_set_min
                0x0000000000000000        0xc /Users/ansonl/pebble-dev/PebbleSDK-2.9/Pebble/lib/libpebble.a(tmpycZPtxpebble.o)
 .text.number_window_set_step_size
                0x0000000000000000        0xc /Users/ansonl/pebble-dev/PebbleSDK-2.9/Pebble/lib/libpebble.a(tmpycZPtxpebble.o)
 .text.number_window_set_value
                0x0000000000000000        0xc /Users/ansonl/pebble-dev/PebbleSDK-2.9/Pebble/lib/libpebble.a(tmpycZPtxpebble.o)
 .text.persist_delete
                0x0000000000000000        0xc /Users/ansonl/pebble-dev/PebbleSDK-2.9/Pebble/lib/libpebble.a(tmpycZPtxpebble.o)
 .text.persist_exists
                0x0000000000000000        0xc /Users/ansonl/pebble-dev/PebbleSDK-2.9/Pebble/lib/libpebble.a(tmpycZPtxpebble.o)
 .text.persist_get_size
                0x0000000000000000        0xc /Users/ansonl/pebble-dev/PebbleSDK-2.9/Pebble/lib/libpebble.a(tmpycZPtxpebble.o)
 .text.persist_read_bool
                0x0000000000000000        0xc /Users/ansonl/pebble-dev/PebbleSDK-2.9/Pebble/lib/libpebble.a(tmpycZPtxpebble.o)
 .text.persist_read_data__deprecated
                0x0000000000000000        0xc /Users/ansonl/pebble-dev/PebbleSDK-2.9/Pebble/lib/libpebble.a(tmpycZPtxpebble.o)
 .text.persist_read_int
                0x0000000000000000        0xc /Users/ansonl/pebble-dev/PebbleSDK-2.9/Pebble/lib/libpebble.a(tmpycZPtxpebble.o)
 .text.persist_read_string__deprecated
                0x0000000000000000        0xc /Users/ansonl/pebble-dev/PebbleSDK-2.9/Pebble/lib/libpebble.a(tmpycZPtxpebble.o)
 .text.persist_write_bool
                0x0000000000000000        0xc /Users/ansonl/pebble-dev/PebbleSDK-2.9/Pebble/lib/libpebble.a(tmpycZPtxpebble.o)
 .text.persist_write_data__deprecated
                0x0000000000000000        0xc /Users/ansonl/pebble-dev/PebbleSDK-2.9/Pebble/lib/libpebble.a(tmpycZPtxpebble.o)
 .text.persist_write_int
                0x0000000000000000        0xc /Users/ansonl/pebble-dev/PebbleSDK-2.9/Pebble/lib/libpebble.a(tmpycZPtxpebble.o)
 .text.persist_write_string
                0x0000000000000000        0xc /Users/ansonl/pebble-dev/PebbleSDK-2.9/Pebble/lib/libpebble.a(tmpycZPtxpebble.o)
 .text.property_animation_create
                0x0000000000000000        0xc /Users/ansonl/pebble-dev/PebbleSDK-2.9/Pebble/lib/libpebble.a(tmpycZPtxpebble.o)
 .text.property_animation_create_layer_frame
                0x0000000000000000        0xc /Users/ansonl/pebble-dev/PebbleSDK-2.9/Pebble/lib/libpebble.a(tmpycZPtxpebble.o)
 .text.property_animation_destroy
                0x0000000000000000        0xc /Users/ansonl/pebble-dev/PebbleSDK-2.9/Pebble/lib/libpebble.a(tmpycZPtxpebble.o)
 .text.property_animation_update_gpoint
                0x0000000000000000        0xc /Users/ansonl/pebble-dev/PebbleSDK-2.9/Pebble/lib/libpebble.a(tmpycZPtxpebble.o)
 .text.property_animation_update_grect
                0x0000000000000000        0xc /Users/ansonl/pebble-dev/PebbleSDK-2.9/Pebble/lib/libpebble.a(tmpycZPtxpebble.o)
 .text.property_animation_update_int16
                0x0000000000000000        0xc /Users/ansonl/pebble-dev/PebbleSDK-2.9/Pebble/lib/libpebble.a(tmpycZPtxpebble.o)
 .text.psleep   0x0000000000000000        0xc /Users/ansonl/pebble-dev/PebbleSDK-2.9/Pebble/lib/libpebble.a(tmpycZPtxpebble.o)
 .text.rand     0x0000000000000000        0xc /Users/ansonl/pebble-dev/PebbleSDK-2.9/Pebble/lib/libpebble.a(tmpycZPtxpebble.o)
 .text.resource_get_handle
                0x0000000000000000        0xc /Users/ansonl/pebble-dev/PebbleSDK-2.9/Pebble/lib/libpebble.a(tmpycZPtxpebble.o)
 .text.resource_load
                0x0000000000000000        0xc /Users/ansonl/pebble-dev/PebbleSDK-2.9/Pebble/lib/libpebble.a(tmpycZPtxpebble.o)
 .text.resource_load_byte_range
                0x0000000000000000        0xc /Users/ansonl/pebble-dev/PebbleSDK-2.9/Pebble/lib/libpebble.a(tmpycZPtxpebble.o)
 .text.resource_size
                0x0000000000000000        0xc /Users/ansonl/pebble-dev/PebbleSDK-2.9/Pebble/lib/libpebble.a(tmpycZPtxpebble.o)
 .text.rot_bitmap_layer_create
                0x0000000000000000        0xc /Users/ansonl/pebble-dev/PebbleSDK-2.9/Pebble/lib/libpebble.a(tmpycZPtxpebble.o)
 .text.rot_bitmap_layer_destroy
                0x0000000000000000        0xc /Users/ansonl/pebble-dev/PebbleSDK-2.9/Pebble/lib/libpebble.a(tmpycZPtxpebble.o)
 .text.rot_bitmap_layer_increment_angle
                0x0000000000000000        0xc /Users/ansonl/pebble-dev/PebbleSDK-2.9/Pebble/lib/libpebble.a(tmpycZPtxpebble.o)
 .text.rot_bitmap_layer_set_angle
                0x0000000000000000        0xc /Users/ansonl/pebble-dev/PebbleSDK-2.9/Pebble/lib/libpebble.a(tmpycZPtxpebble.o)
 .text.rot_bitmap_layer_set_corner_clip_color
                0x0000000000000000        0xc /Users/ansonl/pebble-dev/PebbleSDK-2.9/Pebble/lib/libpebble.a(tmpycZPtxpebble.o)
 .text.rot_bitmap_set_compositing_mode
                0x0000000000000000        0xc /Users/ansonl/pebble-dev/PebbleSDK-2.9/Pebble/lib/libpebble.a(tmpycZPtxpebble.o)
 .text.rot_bitmap_set_src_ic
                0x0000000000000000        0xc /Users/ansonl/pebble-dev/PebbleSDK-2.9/Pebble/lib/libpebble.a(tmpycZPtxpebble.o)
 .text.scroll_layer_get_content_offset
                0x0000000000000000        0xc /Users/ansonl/pebble-dev/PebbleSDK-2.9/Pebble/lib/libpebble.a(tmpycZPtxpebble.o)
 .text.scroll_layer_get_content_size
                0x0000000000000000        0xc /Users/ansonl/pebble-dev/PebbleSDK-2.9/Pebble/lib/libpebble.a(tmpycZPtxpebble.o)
 .text.scroll_layer_get_shadow_hidden
                0x0000000000000000        0xc /Users/ansonl/pebble-dev/PebbleSDK-2.9/Pebble/lib/libpebble.a(tmpycZPtxpebble.o)
 .text.scroll_layer_scroll_down_click_handler
                0x0000000000000000        0xc /Users/ansonl/pebble-dev/PebbleSDK-2.9/Pebble/lib/libpebble.a(tmpycZPtxpebble.o)
 .text.scroll_layer_scroll_up_click_handler
                0x0000000000000000        0xc /Users/ansonl/pebble-dev/PebbleSDK-2.9/Pebble/lib/libpebble.a(tmpycZPtxpebble.o)
 .text.scroll_layer_set_callbacks
                0x0000000000000000        0xc /Users/ansonl/pebble-dev/PebbleSDK-2.9/Pebble/lib/libpebble.a(tmpycZPtxpebble.o)
 .text.scroll_layer_set_content_offset
                0x0000000000000000        0xc /Users/ansonl/pebble-dev/PebbleSDK-2.9/Pebble/lib/libpebble.a(tmpycZPtxpebble.o)
 .text.scroll_layer_set_context
                0x0000000000000000        0xc /Users/ansonl/pebble-dev/PebbleSDK-2.9/Pebble/lib/libpebble.a(tmpycZPtxpebble.o)
 .text.scroll_layer_set_frame
                0x0000000000000000        0xc /Users/ansonl/pebble-dev/PebbleSDK-2.9/Pebble/lib/libpebble.a(tmpycZPtxpebble.o)
 .text.scroll_layer_set_shadow_hidden
                0x0000000000000000        0xc /Users/ansonl/pebble-dev/PebbleSDK-2.9/Pebble/lib/libpebble.a(tmpycZPtxpebble.o)
 .text.simple_menu_layer_create
                0x0000000000000000        0xc /Users/ansonl/pebble-dev/PebbleSDK-2.9/Pebble/lib/libpebble.a(tmpycZPtxpebble.o)
 .text.simple_menu_layer_destroy
                0x0000000000000000        0xc /Users/ansonl/pebble-dev/PebbleSDK-2.9/Pebble/lib/libpebble.a(tmpycZPtxpebble.o)
 .text.simple_menu_layer_get_layer
                0x0000000000000000        0xc /Users/ansonl/pebble-dev/PebbleSDK-2.9/Pebble/lib/libpebble.a(tmpycZPtxpebble.o)
 .text.simple_menu_layer_get_selected_index
                0x0000000000000000        0xc /Users/ansonl/pebble-dev/PebbleSDK-2.9/Pebble/lib/libpebble.a(tmpycZPtxpebble.o)
 .text.simple_menu_layer_set_selected_index
                0x0000000000000000        0xc /Users/ansonl/pebble-dev/PebbleSDK-2.9/Pebble/lib/libpebble.a(tmpycZPtxpebble.o)
 .text.sin_lookup
                0x0000000000000000        0xc /Users/ansonl/pebble-dev/PebbleSDK-2.9/Pebble/lib/libpebble.a(tmpycZPtxpebble.o)
 .text.srand    0x0000000000000000        0xc /Users/ansonl/pebble-dev/PebbleSDK-2.9/Pebble/lib/libpebble.a(tmpycZPtxpebble.o)
 .text.strcat   0x0000000000000000        0xc /Users/ansonl/pebble-dev/PebbleSDK-2.9/Pebble/lib/libpebble.a(tmpycZPtxpebble.o)
 .text.strncat  0x0000000000000000        0xc /Users/ansonl/pebble-dev/PebbleSDK-2.9/Pebble/lib/libpebble.a(tmpycZPtxpebble.o)
 .text.strncmp  0x0000000000000000        0xc /Users/ansonl/pebble-dev/PebbleSDK-2.9/Pebble/lib/libpebble.a(tmpycZPtxpebble.o)
 .text.strncpy  0x0000000000000000        0xc /Users/ansonl/pebble-dev/PebbleSDK-2.9/Pebble/lib/libpebble.a(tmpycZPtxpebble.o)
 .text.text_layer_get_text
                0x0000000000000000        0xc /Users/ansonl/pebble-dev/PebbleSDK-2.9/Pebble/lib/libpebble.a(tmpycZPtxpebble.o)
 .text.text_layer_set_size
                0x0000000000000000        0xc /Users/ansonl/pebble-dev/PebbleSDK-2.9/Pebble/lib/libpebble.a(tmpycZPtxpebble.o)
 .text.time_ms  0x0000000000000000        0xc /Users/ansonl/pebble-dev/PebbleSDK-2.9/Pebble/lib/libpebble.a(tmpycZPtxpebble.o)
 .text.vibes_cancel
                0x0000000000000000        0xc /Users/ansonl/pebble-dev/PebbleSDK-2.9/Pebble/lib/libpebble.a(tmpycZPtxpebble.o)
 .text.vibes_double_pulse
                0x0000000000000000        0xc /Users/ansonl/pebble-dev/PebbleSDK-2.9/Pebble/lib/libpebble.a(tmpycZPtxpebble.o)
 .text.vibes_enqueue_custom_pattern
                0x0000000000000000        0xc /Users/ansonl/pebble-dev/PebbleSDK-2.9/Pebble/lib/libpebble.a(tmpycZPtxpebble.o)
 .text.vibes_long_pulse
                0x0000000000000000        0xc /Users/ansonl/pebble-dev/PebbleSDK-2.9/Pebble/lib/libpebble.a(tmpycZPtxpebble.o)
 .text.vibes_short_pulse
                0x0000000000000000        0xc /Users/ansonl/pebble-dev/PebbleSDK-2.9/Pebble/lib/libpebble.a(tmpycZPtxpebble.o)
 .text.window_get_click_config_provider
                0x0000000000000000        0xc /Users/ansonl/pebble-dev/PebbleSDK-2.9/Pebble/lib/libpebble.a(tmpycZPtxpebble.o)
 .text.window_get_fullscreen
                0x0000000000000000        0xc /Users/ansonl/pebble-dev/PebbleSDK-2.9/Pebble/lib/libpebble.a(tmpycZPtxpebble.o)
 .text.window_is_loaded
                0x0000000000000000        0xc /Users/ansonl/pebble-dev/PebbleSDK-2.9/Pebble/lib/libpebble.a(tmpycZPtxpebble.o)
 .text.window_set_background_color
                0x0000000000000000        0xc /Users/ansonl/pebble-dev/PebbleSDK-2.9/Pebble/lib/libpebble.a(tmpycZPtxpebble.o)
 .text.window_set_click_config_provider
                0x0000000000000000        0xc /Users/ansonl/pebble-dev/PebbleSDK-2.9/Pebble/lib/libpebble.a(tmpycZPtxpebble.o)
 .text.window_set_click_config_provider_with_context
                0x0000000000000000        0xc /Users/ansonl/pebble-dev/PebbleSDK-2.9/Pebble/lib/libpebble.a(tmpycZPtxpebble.o)
 .text.window_set_fullscreen
                0x0000000000000000        0xc /Users/ansonl/pebble-dev/PebbleSDK-2.9/Pebble/lib/libpebble.a(tmpycZPtxpebble.o)
 .text.window_set_status_bar_icon
                0x0000000000000000        0xc /Users/ansonl/pebble-dev/PebbleSDK-2.9/Pebble/lib/libpebble.a(tmpycZPtxpebble.o)
 .text.window_stack_contains_window
                0x0000000000000000        0xc /Users/ansonl/pebble-dev/PebbleSDK-2.9/Pebble/lib/libpebble.a(tmpycZPtxpebble.o)
 .text.window_stack_get_top_window
                0x0000000000000000        0xc /Users/ansonl/pebble-dev/PebbleSDK-2.9/Pebble/lib/libpebble.a(tmpycZPtxpebble.o)
 .text.window_stack_pop
                0x0000000000000000        0xc /Users/ansonl/pebble-dev/PebbleSDK-2.9/Pebble/lib/libpebble.a(tmpycZPtxpebble.o)
 .text.window_stack_pop_all
                0x0000000000000000        0xc /Users/ansonl/pebble-dev/PebbleSDK-2.9/Pebble/lib/libpebble.a(tmpycZPtxpebble.o)
 .text.window_stack_remove
                0x0000000000000000        0xc /Users/ansonl/pebble-dev/PebbleSDK-2.9/Pebble/lib/libpebble.a(tmpycZPtxpebble.o)
 .text.app_focus_service_subscribe
                0x0000000000000000        0xc /Users/ansonl/pebble-dev/PebbleSDK-2.9/Pebble/lib/libpebble.a(tmpycZPtxpebble.o)
 .text.app_focus_service_unsubscribe
                0x0000000000000000        0xc /Users/ansonl/pebble-dev/PebbleSDK-2.9/Pebble/lib/libpebble.a(tmpycZPtxpebble.o)
 .text.window_get_user_data
                0x0000000000000000        0xc /Users/ansonl/pebble-dev/PebbleSDK-2.9/Pebble/lib/libpebble.a(tmpycZPtxpebble.o)
 .text.window_set_user_data
                0x0000000000000000        0xc /Users/ansonl/pebble-dev/PebbleSDK-2.9/Pebble/lib/libpebble.a(tmpycZPtxpebble.o)
 .text.app_message_get_context
                0x0000000000000000        0xc /Users/ansonl/pebble-dev/PebbleSDK-2.9/Pebble/lib/libpebble.a(tmpycZPtxpebble.o)
 .text.app_message_outbox_begin
                0x0000000000000000        0xc /Users/ansonl/pebble-dev/PebbleSDK-2.9/Pebble/lib/libpebble.a(tmpycZPtxpebble.o)
 .text.app_message_register_outbox_sent
                0x0000000000000000        0xc /Users/ansonl/pebble-dev/PebbleSDK-2.9/Pebble/lib/libpebble.a(tmpycZPtxpebble.o)
 .text.app_message_set_context
                0x0000000000000000        0xc /Users/ansonl/pebble-dev/PebbleSDK-2.9/Pebble/lib/libpebble.a(tmpycZPtxpebble.o)
 .text.window_long_click_subscribe
                0x0000000000000000        0xc /Users/ansonl/pebble-dev/PebbleSDK-2.9/Pebble/lib/libpebble.a(tmpycZPtxpebble.o)
 .text.window_multi_click_subscribe
                0x0000000000000000        0xc /Users/ansonl/pebble-dev/PebbleSDK-2.9/Pebble/lib/libpebble.a(tmpycZPtxpebble.o)
 .text.window_raw_click_subscribe
                0x0000000000000000        0xc /Users/ansonl/pebble-dev/PebbleSDK-2.9/Pebble/lib/libpebble.a(tmpycZPtxpebble.o)
 .text.window_set_click_context
                0x0000000000000000        0xc /Users/ansonl/pebble-dev/PebbleSDK-2.9/Pebble/lib/libpebble.a(tmpycZPtxpebble.o)
 .text.window_single_click_subscribe
                0x0000000000000000        0xc /Users/ansonl/pebble-dev/PebbleSDK-2.9/Pebble/lib/libpebble.a(tmpycZPtxpebble.o)
 .text.window_single_repeating_click_subscribe
                0x0000000000000000        0xc /Users/ansonl/pebble-dev/PebbleSDK-2.9/Pebble/lib/libpebble.a(tmpycZPtxpebble.o)
 .text.dict_serialize_tuplets_to_buffer
                0x0000000000000000        0xc /Users/ansonl/pebble-dev/PebbleSDK-2.9/Pebble/lib/libpebble.a(tmpycZPtxpebble.o)
 .text.persist_read_data
                0x0000000000000000        0xc /Users/ansonl/pebble-dev/PebbleSDK-2.9/Pebble/lib/libpebble.a(tmpycZPtxpebble.o)
 .text.persist_read_string
                0x0000000000000000        0xc /Users/ansonl/pebble-dev/PebbleSDK-2.9/Pebble/lib/libpebble.a(tmpycZPtxpebble.o)
 .text.persist_write_data
                0x0000000000000000        0xc /Users/ansonl/pebble-dev/PebbleSDK-2.9/Pebble/lib/libpebble.a(tmpycZPtxpebble.o)
 .text.dict_size
                0x0000000000000000        0xc /Users/ansonl/pebble-dev/PebbleSDK-2.9/Pebble/lib/libpebble.a(tmpycZPtxpebble.o)
 .text.graphics_text_layout_get_content_size
                0x0000000000000000        0xc /Users/ansonl/pebble-dev/PebbleSDK-2.9/Pebble/lib/libpebble.a(tmpycZPtxpebble.o)
 .text.simple_menu_layer_get_menu_layer
                0x0000000000000000        0xc /Users/ansonl/pebble-dev/PebbleSDK-2.9/Pebble/lib/libpebble.a(tmpycZPtxpebble.o)
 .text.accel_data_service_subscribe
                0x0000000000000000        0xc /Users/ansonl/pebble-dev/PebbleSDK-2.9/Pebble/lib/libpebble.a(tmpycZPtxpebble.o)
 .text.bitmap_layer_get_bitmap
                0x0000000000000000        0xc /Users/ansonl/pebble-dev/PebbleSDK-2.9/Pebble/lib/libpebble.a(tmpycZPtxpebble.o)
 .text.window_get_click_config_context
                0x0000000000000000        0xc /Users/ansonl/pebble-dev/PebbleSDK-2.9/Pebble/lib/libpebble.a(tmpycZPtxpebble.o)
 .text.number_window_get_window
                0x0000000000000000        0xc /Users/ansonl/pebble-dev/PebbleSDK-2.9/Pebble/lib/libpebble.a(tmpycZPtxpebble.o)
 .text.realloc  0x0000000000000000        0xc /Users/ansonl/pebble-dev/PebbleSDK-2.9/Pebble/lib/libpebble.a(tmpycZPtxpebble.o)
 .text.gbitmap_create_blank
                0x0000000000000000        0xc /Users/ansonl/pebble-dev/PebbleSDK-2.9/Pebble/lib/libpebble.a(tmpycZPtxpebble.o)
 .text.click_recognizer_is_repeating
                0x0000000000000000        0xc /Users/ansonl/pebble-dev/PebbleSDK-2.9/Pebble/lib/libpebble.a(tmpycZPtxpebble.o)
 .text.accel_raw_data_service_subscribe
                0x0000000000000000        0xc /Users/ansonl/pebble-dev/PebbleSDK-2.9/Pebble/lib/libpebble.a(tmpycZPtxpebble.o)
 .text.app_worker_is_running
                0x0000000000000000        0xc /Users/ansonl/pebble-dev/PebbleSDK-2.9/Pebble/lib/libpebble.a(tmpycZPtxpebble.o)
 .text.app_worker_kill
                0x0000000000000000        0xc /Users/ansonl/pebble-dev/PebbleSDK-2.9/Pebble/lib/libpebble.a(tmpycZPtxpebble.o)
 .text.app_worker_launch
                0x0000000000000000        0xc /Users/ansonl/pebble-dev/PebbleSDK-2.9/Pebble/lib/libpebble.a(tmpycZPtxpebble.o)
 .text.app_worker_message_subscribe
                0x0000000000000000        0xc /Users/ansonl/pebble-dev/PebbleSDK-2.9/Pebble/lib/libpebble.a(tmpycZPtxpebble.o)
 .text.app_worker_message_unsubscribe
                0x0000000000000000        0xc /Users/ansonl/pebble-dev/PebbleSDK-2.9/Pebble/lib/libpebble.a(tmpycZPtxpebble.o)
 .text.app_worker_send_message
                0x0000000000000000        0xc /Users/ansonl/pebble-dev/PebbleSDK-2.9/Pebble/lib/libpebble.a(tmpycZPtxpebble.o)
 .text.worker_event_loop
                0x0000000000000000        0xc /Users/ansonl/pebble-dev/PebbleSDK-2.9/Pebble/lib/libpebble.a(tmpycZPtxpebble.o)
 .text.worker_launch_app
                0x0000000000000000        0xc /Users/ansonl/pebble-dev/PebbleSDK-2.9/Pebble/lib/libpebble.a(tmpycZPtxpebble.o)
 .text.heap_bytes_free
                0x0000000000000000        0xc /Users/ansonl/pebble-dev/PebbleSDK-2.9/Pebble/lib/libpebble.a(tmpycZPtxpebble.o)
 .text.heap_bytes_used
                0x0000000000000000        0xc /Users/ansonl/pebble-dev/PebbleSDK-2.9/Pebble/lib/libpebble.a(tmpycZPtxpebble.o)
 .text.compass_service_peek
                0x0000000000000000        0xc /Users/ansonl/pebble-dev/PebbleSDK-2.9/Pebble/lib/libpebble.a(tmpycZPtxpebble.o)
 .text.compass_service_set_heading_filter
                0x0000000000000000        0xc /Users/ansonl/pebble-dev/PebbleSDK-2.9/Pebble/lib/libpebble.a(tmpycZPtxpebble.o)
 .text.compass_service_subscribe
                0x0000000000000000        0xc /Users/ansonl/pebble-dev/PebbleSDK-2.9/Pebble/lib/libpebble.a(tmpycZPtxpebble.o)
 .text.compass_service_unsubscribe
                0x0000000000000000        0xc /Users/ansonl/pebble-dev/PebbleSDK-2.9/Pebble/lib/libpebble.a(tmpycZPtxpebble.o)
 .text.uuid_equal
                0x0000000000000000        0xc /Users/ansonl/pebble-dev/PebbleSDK-2.9/Pebble/lib/libpebble.a(tmpycZPtxpebble.o)
 .text.uuid_to_string
                0x0000000000000000        0xc /Users/ansonl/pebble-dev/PebbleSDK-2.9/Pebble/lib/libpebble.a(tmpycZPtxpebble.o)
 .text.gpath_draw_filled
                0x0000000000000000        0xc /Users/ansonl/pebble-dev/PebbleSDK-2.9/Pebble/lib/libpebble.a(tmpycZPtxpebble.o)
 .text.animation_set_custom_curve
                0x0000000000000000        0xc /Users/ansonl/pebble-dev/PebbleSDK-2.9/Pebble/lib/libpebble.a(tmpycZPtxpebble.o)
 .text.watch_info_get_color
                0x0000000000000000        0xc /Users/ansonl/pebble-dev/PebbleSDK-2.9/Pebble/lib/libpebble.a(tmpycZPtxpebble.o)
 .text.watch_info_get_firmware_version
                0x0000000000000000        0xc /Users/ansonl/pebble-dev/PebbleSDK-2.9/Pebble/lib/libpebble.a(tmpycZPtxpebble.o)
 .text.watch_info_get_model
                0x0000000000000000        0xc /Users/ansonl/pebble-dev/PebbleSDK-2.9/Pebble/lib/libpebble.a(tmpycZPtxpebble.o)
 .text.graphics_capture_frame_buffer
                0x0000000000000000        0xc /Users/ansonl/pebble-dev/PebbleSDK-2.9/Pebble/lib/libpebble.a(tmpycZPtxpebble.o)
 .text.graphics_frame_buffer_is_captured
                0x0000000000000000        0xc /Users/ansonl/pebble-dev/PebbleSDK-2.9/Pebble/lib/libpebble.a(tmpycZPtxpebble.o)
 .text.graphics_release_frame_buffer
                0x0000000000000000        0xc /Users/ansonl/pebble-dev/PebbleSDK-2.9/Pebble/lib/libpebble.a(tmpycZPtxpebble.o)
 .text.clock_to_timestamp
                0x0000000000000000        0xc /Users/ansonl/pebble-dev/PebbleSDK-2.9/Pebble/lib/libpebble.a(tmpycZPtxpebble.o)
 .text.launch_reason
                0x0000000000000000        0xc /Users/ansonl/pebble-dev/PebbleSDK-2.9/Pebble/lib/libpebble.a(tmpycZPtxpebble.o)
 .text.wakeup_cancel
                0x0000000000000000        0xc /Users/ansonl/pebble-dev/PebbleSDK-2.9/Pebble/lib/libpebble.a(tmpycZPtxpebble.o)
 .text.wakeup_cancel_all
                0x0000000000000000        0xc /Users/ansonl/pebble-dev/PebbleSDK-2.9/Pebble/lib/libpebble.a(tmpycZPtxpebble.o)
 .text.wakeup_get_launch_event
                0x0000000000000000        0xc /Users/ansonl/pebble-dev/PebbleSDK-2.9/Pebble/lib/libpebble.a(tmpycZPtxpebble.o)
 .text.wakeup_query
                0x0000000000000000        0xc /Users/ansonl/pebble-dev/PebbleSDK-2.9/Pebble/lib/libpebble.a(tmpycZPtxpebble.o)
 .text.wakeup_schedule
                0x0000000000000000        0xc /Users/ansonl/pebble-dev/PebbleSDK-2.9/Pebble/lib/libpebble.a(tmpycZPtxpebble.o)
 .text.wakeup_service_subscribe
                0x0000000000000000        0xc /Users/ansonl/pebble-dev/PebbleSDK-2.9/Pebble/lib/libpebble.a(tmpycZPtxpebble.o)
 .text.clock_is_timezone_set
                0x0000000000000000        0xc /Users/ansonl/pebble-dev/PebbleSDK-2.9/Pebble/lib/libpebble.a(tmpycZPtxpebble.o)
 .text.i18n_get_system_locale
                0x0000000000000000        0xc /Users/ansonl/pebble-dev/PebbleSDK-2.9/Pebble/lib/libpebble.a(tmpycZPtxpebble.o)
 .text._localeconv_r
                0x0000000000000000        0xc /Users/ansonl/pebble-dev/PebbleSDK-2.9/Pebble/lib/libpebble.a(tmpycZPtxpebble.o)
 .text.setlocale
                0x0000000000000000        0xc /Users/ansonl/pebble-dev/PebbleSDK-2.9/Pebble/lib/libpebble.a(tmpycZPtxpebble.o)
 .text.mktime   0x0000000000000000        0xc /Users/ansonl/pebble-dev/PebbleSDK-2.9/Pebble/lib/libpebble.a(tmpycZPtxpebble.o)
 .text          0x0000000000000000        0x0 /Users/ansonl/pebble-dev/PebbleSDK-2.9/arm-cs-tools/bin/../lib/gcc/arm-none-eabi/4.7.2/thumb2/crtend.o
 .bss           0x0000000000000000        0x0 /Users/ansonl/pebble-dev/PebbleSDK-2.9/arm-cs-tools/bin/../lib/gcc/arm-none-eabi/4.7.2/thumb2/crtend.o
 .eh_frame      0x0000000000000000        0x4 /Users/ansonl/pebble-dev/PebbleSDK-2.9/arm-cs-tools/bin/../lib/gcc/arm-none-eabi/4.7.2/thumb2/crtend.o
 .jcr           0x0000000000000000        0x4 /Users/ansonl/pebble-dev/PebbleSDK-2.9/arm-cs-tools/bin/../lib/gcc/arm-none-eabi/4.7.2/thumb2/crtend.o
 .tm_clone_table
                0x0000000000000000        0x0 /Users/ansonl/pebble-dev/PebbleSDK-2.9/arm-cs-tools/bin/../lib/gcc/arm-none-eabi/4.7.2/thumb2/crtend.o
 .text          0x0000000000000000        0x0 /Users/ansonl/pebble-dev/PebbleSDK-2.9/arm-cs-tools/bin/../lib/gcc/arm-none-eabi/4.7.2/thumb2/crtn.o
 .bss           0x0000000000000000        0x0 /Users/ansonl/pebble-dev/PebbleSDK-2.9/arm-cs-tools/bin/../lib/gcc/arm-none-eabi/4.7.2/thumb2/crtn.o
 .init          0x0000000000000000        0x8 /Users/ansonl/pebble-dev/PebbleSDK-2.9/arm-cs-tools/bin/../lib/gcc/arm-none-eabi/4.7.2/thumb2/crtn.o
 .fini          0x0000000000000000        0x8 /Users/ansonl/pebble-dev/PebbleSDK-2.9/arm-cs-tools/bin/../lib/gcc/arm-none-eabi/4.7.2/thumb2/crtn.o

Memory Configuration

Name             Origin             Length             Attributes
APP              0x0000000000000000 0x0000000000006000 xrw
*default*        0x0000000000000000 0xffffffffffffffff

Linker script and memory map

LOAD /Users/ansonl/pebble-dev/PebbleSDK-2.9/arm-cs-tools/bin/../lib/gcc/arm-none-eabi/4.7.2/thumb2/crti.o
LOAD /Users/ansonl/pebble-dev/PebbleSDK-2.9/arm-cs-tools/bin/../lib/gcc/arm-none-eabi/4.7.2/thumb2/crtbegin.o
LOAD src/main.c.9.o
LOAD appinfo.auto.c.9.o
LOAD /Users/ansonl/pebble-dev/PebbleSDK-2.9/Pebble/lib/libpebble.a
START GROUP
LOAD /Users/ansonl/pebble-dev/PebbleSDK-2.9/arm-cs-tools/bin/../lib/gcc/arm-none-eabi/4.7.2/thumb2/libgcc.a
LOAD /Users/ansonl/pebble-dev/PebbleSDK-2.9/arm-cs-tools/bin/../lib/gcc/arm-none-eabi/4.7.2/../../../../arm-none-eabi/lib/thumb2/libc.a
END GROUP
LOAD /Users/ansonl/pebble-dev/PebbleSDK-2.9/arm-cs-tools/bin/../lib/gcc/arm-none-eabi/4.7.2/thumb2/crtend.o
LOAD /Users/ansonl/pebble-dev/PebbleSDK-2.9/arm-cs-tools/bin/../lib/gcc/arm-none-eabi/4.7.2/thumb2/crtn.o

.header         0x0000000000000000       0x82
 *(.pbl_header)
 .pbl_header    0x0000000000000000       0x82 appinfo.auto.c.9.o
                0x0000000000000000                __pbl_app_info

.text           0x0000000000000084      0xce8
 *(.text)
 .text          0x0000000000000084       0x14 /Users/ansonl/pebble-dev/PebbleSDK-2.9/Pebble/lib/libpebble.a(tmpycZPtxpebble.o)
 *(.text.*)
 .text.in_dropped_handler
                0x0000000000000098        0x2 src/main.c.9.o
 .text.out_failed_handler
                0x000000000000009a        0x2 src/main.c.9.o
 .text.num_sections_callback
                0x000000000000009c        0x4 src/main.c.9.o
 .text.cell_height_callback
                0x00000000000000a0        0xc src/main.c.9.o
 .text.header_height_callback
                0x00000000000000ac        0xa src/main.c.9.o
 *fill*         0x00000000000000b6        0x2 
 .text.menu_window_unload
                0x00000000000000b8       0x3c src/main.c.9.o
                0x00000000000000b8                menu_window_unload
 .text.menu_window_load
                0x00000000000000f4      0x194 src/main.c.9.o
                0x00000000000000f4                menu_window_load
 .text.in_received_handler
                0x0000000000000288      0x274 src/main.c.9.o
 .text.food_item_window_unload
                0x00000000000004fc       0x2c src/main.c.9.o
                0x00000000000004fc                food_item_window_unload
 .text.food_item_window_load
                0x0000000000000528       0xf4 src/main.c.9.o
                0x0000000000000528                food_item_window_load
 .text.num_rows_callback
                0x000000000000061c       0x24 src/main.c.9.o
 .text.select_click_callback
                0x0000000000000640       0x8c src/main.c.9.o
                0x0000000000000640                select_click_callback
 .text.draw_header_callback
                0x00000000000006cc       0x7c src/main.c.9.o
                0x00000000000006cc                draw_header_callback
 .text.draw_row_callback
                0x0000000000000748       0xbc src/main.c.9.o
                0x0000000000000748                draw_row_callback
 .text.request_menu
                0x0000000000000804       0x4c src/main.c.9.o
                0x0000000000000804                request_menu
 .text.bluetooth_handler
                0x0000000000000850       0x38 src/main.c.9.o
                0x0000000000000850                bluetooth_handler
 .text.tick_callback
                0x0000000000000888       0x14 src/main.c.9.o
                0x0000000000000888                tick_callback
 .text.init     0x000000000000089c       0x58 src/main.c.9.o
                0x000000000000089c                init
 .text.deinit   0x00000000000008f4       0x24 src/main.c.9.o
                0x00000000000008f4                deinit
 .text.startup.main
                0x0000000000000918       0x12 src/main.c.9.o
                0x0000000000000918                main
 *fill*         0x000000000000092a        0x2 
 .text.app_event_loop
                0x000000000000092c        0xc /Users/ansonl/pebble-dev/PebbleSDK-2.9/Pebble/lib/libpebble.a(tmpycZPtxpebble.o)
                0x000000000000092c                app_event_loop
 .text.app_log  0x0000000000000938        0xc /Users/ansonl/pebble-dev/PebbleSDK-2.9/Pebble/lib/libpebble.a(tmpycZPtxpebble.o)
                0x0000000000000938                app_log
 .text.app_message_deregister_callbacks
                0x0000000000000944        0xc /Users/ansonl/pebble-dev/PebbleSDK-2.9/Pebble/lib/libpebble.a(tmpycZPtxpebble.o)
                0x0000000000000944                app_message_deregister_callbacks
 .text.app_message_open
                0x0000000000000950        0xc /Users/ansonl/pebble-dev/PebbleSDK-2.9/Pebble/lib/libpebble.a(tmpycZPtxpebble.o)
                0x0000000000000950                app_message_open
 .text.bluetooth_connection_service_peek
                0x000000000000095c        0xc /Users/ansonl/pebble-dev/PebbleSDK-2.9/Pebble/lib/libpebble.a(tmpycZPtxpebble.o)
                0x000000000000095c                bluetooth_connection_service_peek
 .text.bluetooth_connection_service_subscribe
                0x0000000000000968        0xc /Users/ansonl/pebble-dev/PebbleSDK-2.9/Pebble/lib/libpebble.a(tmpycZPtxpebble.o)
                0x0000000000000968                bluetooth_connection_service_subscribe
 .text.bluetooth_connection_service_unsubscribe
                0x0000000000000974        0xc /Users/ansonl/pebble-dev/PebbleSDK-2.9/Pebble/lib/libpebble.a(tmpycZPtxpebble.o)
                0x0000000000000974                bluetooth_connection_service_unsubscribe
 .text.dict_find
                0x0000000000000980        0xc /Users/ansonl/pebble-dev/PebbleSDK-2.9/Pebble/lib/libpebble.a(tmpycZPtxpebble.o)
                0x0000000000000980                dict_find
 .text.fonts_get_system_font
                0x000000000000098c        0xc /Users/ansonl/pebble-dev/PebbleSDK-2.9/Pebble/lib/libpebble.a(tmpycZPtxpebble.o)
                0x000000000000098c                fonts_get_system_font
 .text.free     0x0000000000000998        0xc /Users/ansonl/pebble-dev/PebbleSDK-2.9/Pebble/lib/libpebble.a(tmpycZPtxpebble.o)
                0x0000000000000998                free
 .text.gbitmap_create_with_resource
                0x00000000000009a4        0xc /Users/ansonl/pebble-dev/PebbleSDK-2.9/Pebble/lib/libpebble.a(tmpycZPtxpebble.o)
                0x00000000000009a4                gbitmap_create_with_resource
 .text.graphics_context_set_text_color
                0x00000000000009b0        0xc /Users/ansonl/pebble-dev/PebbleSDK-2.9/Pebble/lib/libpebble.a(tmpycZPtxpebble.o)
                0x00000000000009b0                graphics_context_set_text_color
 .text.layer_add_child
                0x00000000000009bc        0xc /Users/ansonl/pebble-dev/PebbleSDK-2.9/Pebble/lib/libpebble.a(tmpycZPtxpebble.o)
                0x00000000000009bc                layer_add_child
 .text.layer_get_bounds
                0x00000000000009c8        0xc /Users/ansonl/pebble-dev/PebbleSDK-2.9/Pebble/lib/libpebble.a(tmpycZPtxpebble.o)
                0x00000000000009c8                layer_get_bounds
 .text.light_enable_interaction
                0x00000000000009d4        0xc /Users/ansonl/pebble-dev/PebbleSDK-2.9/Pebble/lib/libpebble.a(tmpycZPtxpebble.o)
                0x00000000000009d4                light_enable_interaction
 .text.localtime
                0x00000000000009e0        0xc /Users/ansonl/pebble-dev/PebbleSDK-2.9/Pebble/lib/libpebble.a(tmpycZPtxpebble.o)
                0x00000000000009e0                localtime
 .text.memset   0x00000000000009ec        0xc /Users/ansonl/pebble-dev/PebbleSDK-2.9/Pebble/lib/libpebble.a(tmpycZPtxpebble.o)
                0x00000000000009ec                memset
 .text.menu_cell_basic_draw
                0x00000000000009f8        0xc /Users/ansonl/pebble-dev/PebbleSDK-2.9/Pebble/lib/libpebble.a(tmpycZPtxpebble.o)
                0x00000000000009f8                menu_cell_basic_draw
 .text.menu_cell_basic_header_draw
                0x0000000000000a04        0xc /Users/ansonl/pebble-dev/PebbleSDK-2.9/Pebble/lib/libpebble.a(tmpycZPtxpebble.o)
                0x0000000000000a04                menu_cell_basic_header_draw
 .text.menu_layer_create
                0x0000000000000a10        0xc /Users/ansonl/pebble-dev/PebbleSDK-2.9/Pebble/lib/libpebble.a(tmpycZPtxpebble.o)
                0x0000000000000a10                menu_layer_create
 .text.menu_layer_destroy
                0x0000000000000a1c        0xc /Users/ansonl/pebble-dev/PebbleSDK-2.9/Pebble/lib/libpebble.a(tmpycZPtxpebble.o)
                0x0000000000000a1c                menu_layer_destroy
 .text.menu_layer_get_layer
                0x0000000000000a28        0xc /Users/ansonl/pebble-dev/PebbleSDK-2.9/Pebble/lib/libpebble.a(tmpycZPtxpebble.o)
                0x0000000000000a28                menu_layer_get_layer
 .text.menu_layer_reload_data
                0x0000000000000a34        0xc /Users/ansonl/pebble-dev/PebbleSDK-2.9/Pebble/lib/libpebble.a(tmpycZPtxpebble.o)
                0x0000000000000a34                menu_layer_reload_data
 .text.menu_layer_set_click_config_onto_window
                0x0000000000000a40        0xc /Users/ansonl/pebble-dev/PebbleSDK-2.9/Pebble/lib/libpebble.a(tmpycZPtxpebble.o)
                0x0000000000000a40                menu_layer_set_click_config_onto_window
 .text.scroll_layer_add_child
                0x0000000000000a4c        0xc /Users/ansonl/pebble-dev/PebbleSDK-2.9/Pebble/lib/libpebble.a(tmpycZPtxpebble.o)
                0x0000000000000a4c                scroll_layer_add_child
 .text.scroll_layer_create
                0x0000000000000a58        0xc /Users/ansonl/pebble-dev/PebbleSDK-2.9/Pebble/lib/libpebble.a(tmpycZPtxpebble.o)
                0x0000000000000a58                scroll_layer_create
 .text.scroll_layer_destroy
                0x0000000000000a64        0xc /Users/ansonl/pebble-dev/PebbleSDK-2.9/Pebble/lib/libpebble.a(tmpycZPtxpebble.o)
                0x0000000000000a64                scroll_layer_destroy
 .text.scroll_layer_get_layer
                0x0000000000000a70        0xc /Users/ansonl/pebble-dev/PebbleSDK-2.9/Pebble/lib/libpebble.a(tmpycZPtxpebble.o)
                0x0000000000000a70                scroll_layer_get_layer
 .text.scroll_layer_set_click_config_onto_window
                0x0000000000000a7c        0xc /Users/ansonl/pebble-dev/PebbleSDK-2.9/Pebble/lib/libpebble.a(tmpycZPtxpebble.o)
                0x0000000000000a7c                scroll_layer_set_click_config_onto_window
 .text.scroll_layer_set_content_size
                0x0000000000000a88        0xc /Users/ansonl/pebble-dev/PebbleSDK-2.9/Pebble/lib/libpebble.a(tmpycZPtxpebble.o)
                0x0000000000000a88                scroll_layer_set_content_size
 .text.snprintf
                0x0000000000000a94        0xc /Users/ansonl/pebble-dev/PebbleSDK-2.9/Pebble/lib/libpebble.a(tmpycZPtxpebble.o)
                0x0000000000000a94                snprintf
 .text.strcmp   0x0000000000000aa0        0xc /Users/ansonl/pebble-dev/PebbleSDK-2.9/Pebble/lib/libpebble.a(tmpycZPtxpebble.o)
                0x0000000000000aa0                strcmp
 .text.strcpy   0x0000000000000aac        0xc /Users/ansonl/pebble-dev/PebbleSDK-2.9/Pebble/lib/libpebble.a(tmpycZPtxpebble.o)
                0x0000000000000aac                strcpy
 .text.strftime
                0x0000000000000ab8        0xc /Users/ansonl/pebble-dev/PebbleSDK-2.9/Pebble/lib/libpebble.a(tmpycZPtxpebble.o)
                0x0000000000000ab8                strftime
 .text.strlen   0x0000000000000ac4        0xc /Users/ansonl/pebble-dev/PebbleSDK-2.9/Pebble/lib/libpebble.a(tmpycZPtxpebble.o)
                0x0000000000000ac4                strlen
 .text.text_layer_create
                0x0000000000000ad0        0xc /Users/ansonl/pebble-dev/PebbleSDK-2.9/Pebble/lib/libpebble.a(tmpycZPtxpebble.o)
                0x0000000000000ad0                text_layer_create
 .text.text_layer_destroy
                0x0000000000000adc        0xc /Users/ansonl/pebble-dev/PebbleSDK-2.9/Pebble/lib/libpebble.a(tmpycZPtxpebble.o)
                0x0000000000000adc                text_layer_destroy
 .text.text_layer_get_content_size
                0x0000000000000ae8        0xc /Users/ansonl/pebble-dev/PebbleSDK-2.9/Pebble/lib/libpebble.a(tmpycZPtxpebble.o)
                0x0000000000000ae8                text_layer_get_content_size
 .text.text_layer_get_layer
                0x0000000000000af4        0xc /Users/ansonl/pebble-dev/PebbleSDK-2.9/Pebble/lib/libpebble.a(tmpycZPtxpebble.o)
                0x0000000000000af4                text_layer_get_layer
 .text.text_layer_set_background_color
                0x0000000000000b00        0xc /Users/ansonl/pebble-dev/PebbleSDK-2.9/Pebble/lib/libpebble.a(tmpycZPtxpebble.o)
                0x0000000000000b00                text_layer_set_background_color
 .text.text_layer_set_font
                0x0000000000000b0c        0xc /Users/ansonl/pebble-dev/PebbleSDK-2.9/Pebble/lib/libpebble.a(tmpycZPtxpebble.o)
                0x0000000000000b0c                text_layer_set_font
 .text.text_layer_set_overflow_mode
                0x0000000000000b18        0xc /Users/ansonl/pebble-dev/PebbleSDK-2.9/Pebble/lib/libpebble.a(tmpycZPtxpebble.o)
                0x0000000000000b18                text_layer_set_overflow_mode
 .text.text_layer_set_text
                0x0000000000000b24        0xc /Users/ansonl/pebble-dev/PebbleSDK-2.9/Pebble/lib/libpebble.a(tmpycZPtxpebble.o)
                0x0000000000000b24                text_layer_set_text
 .text.text_layer_set_text_alignment
                0x0000000000000b30        0xc /Users/ansonl/pebble-dev/PebbleSDK-2.9/Pebble/lib/libpebble.a(tmpycZPtxpebble.o)
                0x0000000000000b30                text_layer_set_text_alignment
 .text.text_layer_set_text_color
                0x0000000000000b3c        0xc /Users/ansonl/pebble-dev/PebbleSDK-2.9/Pebble/lib/libpebble.a(tmpycZPtxpebble.o)
                0x0000000000000b3c                text_layer_set_text_color
 .text.tick_timer_service_subscribe
                0x0000000000000b48        0xc /Users/ansonl/pebble-dev/PebbleSDK-2.9/Pebble/lib/libpebble.a(tmpycZPtxpebble.o)
                0x0000000000000b48                tick_timer_service_subscribe
 .text.tick_timer_service_unsubscribe
                0x0000000000000b54        0xc /Users/ansonl/pebble-dev/PebbleSDK-2.9/Pebble/lib/libpebble.a(tmpycZPtxpebble.o)
                0x0000000000000b54                tick_timer_service_unsubscribe
 .text.time     0x0000000000000b60        0xc /Users/ansonl/pebble-dev/PebbleSDK-2.9/Pebble/lib/libpebble.a(tmpycZPtxpebble.o)
                0x0000000000000b60                time
 .text.window_create
                0x0000000000000b6c        0xc /Users/ansonl/pebble-dev/PebbleSDK-2.9/Pebble/lib/libpebble.a(tmpycZPtxpebble.o)
                0x0000000000000b6c                window_create
 .text.window_destroy
                0x0000000000000b78        0xc /Users/ansonl/pebble-dev/PebbleSDK-2.9/Pebble/lib/libpebble.a(tmpycZPtxpebble.o)
                0x0000000000000b78                window_destroy
 .text.window_get_root_layer
                0x0000000000000b84        0xc /Users/ansonl/pebble-dev/PebbleSDK-2.9/Pebble/lib/libpebble.a(tmpycZPtxpebble.o)
                0x0000000000000b84                window_get_root_layer
 .text.window_set_window_handlers
                0x0000000000000b90        0xc /Users/ansonl/pebble-dev/PebbleSDK-2.9/Pebble/lib/libpebble.a(tmpycZPtxpebble.o)
                0x0000000000000b90                window_set_window_handlers
 .text.window_stack_push
                0x0000000000000b9c        0xc /Users/ansonl/pebble-dev/PebbleSDK-2.9/Pebble/lib/libpebble.a(tmpycZPtxpebble.o)
                0x0000000000000b9c                window_stack_push
 .text.app_message_inbox_size_maximum
                0x0000000000000ba8        0xc /Users/ansonl/pebble-dev/PebbleSDK-2.9/Pebble/lib/libpebble.a(tmpycZPtxpebble.o)
                0x0000000000000ba8                app_message_inbox_size_maximum
 .text.app_message_outbox_send
                0x0000000000000bb4        0xc /Users/ansonl/pebble-dev/PebbleSDK-2.9/Pebble/lib/libpebble.a(tmpycZPtxpebble.o)
                0x0000000000000bb4                app_message_outbox_send
 .text.app_message_outbox_size_maximum
                0x0000000000000bc0        0xc /Users/ansonl/pebble-dev/PebbleSDK-2.9/Pebble/lib/libpebble.a(tmpycZPtxpebble.o)
                0x0000000000000bc0                app_message_outbox_size_maximum
 .text.app_message_register_inbox_dropped
                0x0000000000000bcc        0xc /Users/ansonl/pebble-dev/PebbleSDK-2.9/Pebble/lib/libpebble.a(tmpycZPtxpebble.o)
                0x0000000000000bcc                app_message_register_inbox_dropped
 .text.app_message_register_inbox_received
                0x0000000000000bd8        0xc /Users/ansonl/pebble-dev/PebbleSDK-2.9/Pebble/lib/libpebble.a(tmpycZPtxpebble.o)
                0x0000000000000bd8                app_message_register_inbox_received
 .text.app_message_register_outbox_failed
                0x0000000000000be4        0xc /Users/ansonl/pebble-dev/PebbleSDK-2.9/Pebble/lib/libpebble.a(tmpycZPtxpebble.o)
                0x0000000000000be4                app_message_register_outbox_failed
 .text.graphics_draw_text
                0x0000000000000bf0        0xc /Users/ansonl/pebble-dev/PebbleSDK-2.9/Pebble/lib/libpebble.a(tmpycZPtxpebble.o)
                0x0000000000000bf0                graphics_draw_text
 .text.calloc   0x0000000000000bfc        0xc /Users/ansonl/pebble-dev/PebbleSDK-2.9/Pebble/lib/libpebble.a(tmpycZPtxpebble.o)
                0x0000000000000bfc                calloc
 .text.menu_layer_set_callbacks
                0x0000000000000c08        0xc /Users/ansonl/pebble-dev/PebbleSDK-2.9/Pebble/lib/libpebble.a(tmpycZPtxpebble.o)
                0x0000000000000c08                menu_layer_set_callbacks
 *(.rodata)
 .rodata        0x0000000000000c14       0x10 src/main.c.9.o
 *(.rodata*)
 .rodata.str1.1
                0x0000000000000c24      0x148 src/main.c.9.o
                                        0x14c (size before relaxing)

.glue_7         0x0000000000000d6c        0x0
 .glue_7        0x0000000000000000        0x0 linker stubs

.glue_7t        0x0000000000000d6c        0x0
 .glue_7t       0x0000000000000000        0x0 linker stubs

.vfp11_veneer   0x0000000000000d6c        0x0
 .vfp11_veneer  0x0000000000000000        0x0 linker stubs

.v4_bx          0x0000000000000d6c        0x0
 .v4_bx         0x0000000000000000        0x0 linker stubs

.iplt           0x0000000000000d6c        0x0
 .iplt          0x0000000000000000        0x0 /Users/ansonl/pebble-dev/PebbleSDK-2.9/arm-cs-tools/bin/../lib/gcc/arm-none-eabi/4.7.2/thumb2/crtbegin.o

.rel.dyn        0x0000000000000d6c        0x0
 .rel.iplt      0x0000000000000000        0x0 /Users/ansonl/pebble-dev/PebbleSDK-2.9/arm-cs-tools/bin/../lib/gcc/arm-none-eabi/4.7.2/thumb2/crtbegin.o
 .rel.got       0x0000000000000000        0x0 /Users/ansonl/pebble-dev/PebbleSDK-2.9/arm-cs-tools/bin/../lib/gcc/arm-none-eabi/4.7.2/thumb2/crtbegin.o

.data           0x0000000000000d6c        0x5
 *(.data)
 .data          0x0000000000000d6c        0x0 /Users/ansonl/pebble-dev/PebbleSDK-2.9/arm-cs-tools/bin/../lib/gcc/arm-none-eabi/4.7.2/thumb2/crti.o
 .data          0x0000000000000d6c        0x4 /Users/ansonl/pebble-dev/PebbleSDK-2.9/arm-cs-tools/bin/../lib/gcc/arm-none-eabi/4.7.2/thumb2/crtbegin.o
                0x0000000000000d6c                __dso_handle
 .data          0x0000000000000d70        0x0 src/main.c.9.o
 .data          0x0000000000000d70        0x0 appinfo.auto.c.9.o
 .data          0x0000000000000d70        0x0 /Users/ansonl/pebble-dev/PebbleSDK-2.9/Pebble/lib/libpebble.a(tmpycZPtxpebble.o)
 .data          0x0000000000000d70        0x0 /Users/ansonl/pebble-dev/PebbleSDK-2.9/arm-cs-tools/bin/../lib/gcc/arm-none-eabi/4.7.2/thumb2/crtend.o
 .data          0x0000000000000d70        0x0 /Users/ansonl/pebble-dev/PebbleSDK-2.9/arm-cs-tools/bin/../lib/gcc/arm-none-eabi/4.7.2/thumb2/crtn.o
 *(.data.*)
 .data.readyToUpdate
                0x0000000000000d70        0x1 src/main.c.9.o
                0x0000000000000d70                readyToUpdate

.igot.plt       0x0000000000000d74        0x0
 .igot.plt      0x0000000000000000        0x0 /Users/ansonl/pebble-dev/PebbleSDK-2.9/arm-cs-tools/bin/../lib/gcc/arm-none-eabi/4.7.2/thumb2/crtbegin.o

.got            0x0000000000000d74       0x24
 .got           0x0000000000000d74       0x24 /Users/ansonl/pebble-dev/PebbleSDK-2.9/arm-cs-tools/bin/../lib/gcc/arm-none-eabi/4.7.2/thumb2/crtbegin.o

.got.plt        0x0000000000000d98        0xc
 .got.plt       0x0000000000000d98        0xc /Users/ansonl/pebble-dev/PebbleSDK-2.9/arm-cs-tools/bin/../lib/gcc/arm-none-eabi/4.7.2/thumb2/crtbegin.o
                0x0000000000000d98                _GLOBAL_OFFSET_TABLE_

.bss            0x0000000000000da4       0x2c
 *(.bss)
 *(.bss.*)
 .bss.icon_bitmap
                0x0000000000000da4        0x4 src/main.c.9.o
 .bss.counter   0x0000000000000da8        0x4 src/main.c.9.o
                0x0000000000000da8                counter
 COMMON         0x0000000000000dac       0x24 src/main.c.9.o
                0x0000000000000dac                food_item_text_layer
                0x0000000000000db0                menuSize
                0x0000000000000db4                menu_layer
                0x0000000000000db8                selectedFoodIndex
                0x0000000000000dbc                food_item_array
                0x0000000000000dc0                lastUpdated
                0x0000000000000dc4                mealTitle
                0x0000000000000dc8                food_item_scroll_layer
                0x0000000000000dcc                window

DISCARD
 libc.a(*)
 libm.a(*)
 libgcc.a(*)
 *(.eh_frame)
OUTPUT(/Users/ansonl/Desktop/tutorial_part_1/build/pebble-app.elf elf32-littlearm)

.ARM.attributes
                0x0000000000000000       0x27
 .ARM.attributes
                0x0000000000000000       0x19 /Users/ansonl/pebble-dev/PebbleSDK-2.9/arm-cs-tools/bin/../lib/gcc/arm-none-eabi/4.7.2/thumb2/crti.o
 .ARM.attributes
                0x0000000000000019       0x29 /Users/ansonl/pebble-dev/PebbleSDK-2.9/arm-cs-tools/bin/../lib/gcc/arm-none-eabi/4.7.2/thumb2/crtbegin.o
 .ARM.attributes
                0x0000000000000042       0x33 src/main.c.9.o
 .ARM.attributes
                0x0000000000000075       0x33 appinfo.auto.c.9.o
 .ARM.attributes
                0x00000000000000a8       0x21 /Users/ansonl/pebble-dev/PebbleSDK-2.9/Pebble/lib/libpebble.a(tmpycZPtxpebble.o)
 .ARM.attributes
                0x00000000000000c9       0x29 /Users/ansonl/pebble-dev/PebbleSDK-2.9/arm-cs-tools/bin/../lib/gcc/arm-none-eabi/4.7.2/thumb2/crtend.o
 .ARM.attributes
                0x00000000000000f2       0x19 /Users/ansonl/pebble-dev/PebbleSDK-2.9/arm-cs-tools/bin/../lib/gcc/arm-none-eabi/4.7.2/thumb2/crtn.o

.comment        0x0000000000000000       0x4e
 .comment       0x0000000000000000       0x4e /Users/ansonl/pebble-dev/PebbleSDK-2.9/arm-cs-tools/bin/../lib/gcc/arm-none-eabi/4.7.2/thumb2/crtbegin.o
                                         0x4f (size before relaxing)
 .comment       0x0000000000000000       0x4f src/main.c.9.o
 .comment       0x0000000000000000       0x4f appinfo.auto.c.9.o
 .comment       0x0000000000000000       0x4f /Users/ansonl/pebble-dev/PebbleSDK-2.9/arm-cs-tools/bin/../lib/gcc/arm-none-eabi/4.7.2/thumb2/crtend.o

.debug_info     0x0000000000000000     0x22cb
 .debug_info    0x0000000000000000     0x1fc3 src/main.c.9.o
 .debug_info    0x0000000000001fc3      0x308 appinfo.auto.c.9.o

.debug_abbrev   0x0000000000000000      0x588
 .debug_abbrev  0x0000000000000000      0x4ea src/main.c.9.o
 .debug_abbrev  0x00000000000004ea       0x9e appinfo.auto.c.9.o

.debug_loc      0x0000000000000000      0x7eb
 .debug_loc     0x0000000000000000      0x7eb src/main.c.9.o

.debug_aranges  0x0000000000000000       0xd0
 .debug_aranges
                0x0000000000000000       0xb8 src/main.c.9.o
 .debug_aranges
                0x00000000000000b8       0x18 appinfo.auto.c.9.o

.debug_ranges   0x0000000000000000      0x108
 .debug_ranges  0x0000000000000000      0x108 src/main.c.9.o

.debug_line     0x0000000000000000      0x5c4
 .debug_line    0x0000000000000000      0x4a6 src/main.c.9.o
 .debug_line    0x00000000000004a6      0x11e appinfo.auto.c.9.o

.debug_str      0x0000000000000000     0x1197
 .debug_str     0x0000000000000000     0x104d src/main.c.9.o
                                       0x112b (size before relaxing)
 .debug_str     0x000000000000104d      0x14a appinfo.auto.c.9.o
                                        0x287 (size before relaxing)

.debug_frame    0x0000000000000000      0x208
 .debug_frame   0x0000000000000000      0x208 src/main.c.9.o
